2025-07-12 15:35:42,243 [Worker-7: Loading available Gradle versions] INFO  o.e.b.c.i.u.g.PublishedGradleVersions - Gradle version information cache is not available. Remote download required.
2025-07-12 15:36:21,526 [ModalContext] INFO  o.e.m.c.i.e.AbstractTransferListenerAdapter - Downloading https://repo.maven.apache.org/maven2/org/apache/maven/archetypes/maven-archetype-webapp/1.0/maven-archetype-webapp-1.0.pom
2025-07-12 15:36:21,594 [ModalContext] INFO  o.e.m.c.i.e.AbstractTransferListenerAdapter - Downloaded https://repo.maven.apache.org/maven2/org/apache/maven/archetypes/maven-archetype-webapp/1.0/maven-archetype-webapp-1.0.pom
2025-07-12 15:36:21,689 [ModalContext] INFO  o.e.m.c.i.e.AbstractTransferListenerAdapter - Downloading https://repo.maven.apache.org/maven2/org/apache/maven/archetypes/maven-archetype-bundles/2/maven-archetype-bundles-2.pom
2025-07-12 15:36:21,739 [ModalContext] INFO  o.e.m.c.i.e.AbstractTransferListenerAdapter - Downloaded https://repo.maven.apache.org/maven2/org/apache/maven/archetypes/maven-archetype-bundles/2/maven-archetype-bundles-2.pom
2025-07-12 15:36:21,842 [ModalContext] INFO  o.e.m.c.i.e.AbstractTransferListenerAdapter - Downloading https://repo.maven.apache.org/maven2/org/apache/maven/archetype/maven-archetype-parent/1/maven-archetype-parent-1.pom
2025-07-12 15:36:21,885 [ModalContext] INFO  o.e.m.c.i.e.AbstractTransferListenerAdapter - Downloaded https://repo.maven.apache.org/maven2/org/apache/maven/archetype/maven-archetype-parent/1/maven-archetype-parent-1.pom
2025-07-12 15:36:22,011 [ModalContext] INFO  o.e.m.c.i.e.AbstractTransferListenerAdapter - Downloading https://repo.maven.apache.org/maven2/org/apache/maven/maven-parent/4/maven-parent-4.pom
2025-07-12 15:36:22,081 [ModalContext] INFO  o.e.m.c.i.e.AbstractTransferListenerAdapter - Downloaded https://repo.maven.apache.org/maven2/org/apache/maven/maven-parent/4/maven-parent-4.pom
2025-07-12 15:36:22,147 [ModalContext] INFO  o.e.m.c.i.e.AbstractTransferListenerAdapter - Downloading https://repo.maven.apache.org/maven2/org/apache/apache/3/apache-3.pom
2025-07-12 15:36:22,199 [ModalContext] INFO  o.e.m.c.i.e.AbstractTransferListenerAdapter - Downloaded https://repo.maven.apache.org/maven2/org/apache/apache/3/apache-3.pom
2025-07-12 15:36:52,129 [Worker-3: Launching mavenrun-f1f05f2b-c7c1-4832-ab9f-de265961e6fd] INFO  o.eclipse.m2e.core.internal.Bundles - getClasspathEntries(Bundle=org.eclipse.m2e.maven.runtime_3.9.900.20250220-2013 [364])
2025-07-12 15:36:52,132 [Worker-3: Launching mavenrun-f1f05f2b-c7c1-4832-ab9f-de265961e6fd] INFO  o.eclipse.m2e.core.internal.Bundles - 	Entry: C:\Users\sushm\Downloads\sts-4.31.0.RELEASE\plugins\org.eclipse.m2e.maven.runtime_3.9.900.20250220-2013
2025-07-12 15:36:52,133 [Worker-3: Launching mavenrun-f1f05f2b-c7c1-4832-ab9f-de265961e6fd] INFO  o.eclipse.m2e.core.internal.Bundles - 	Entry: C:\Users\sushm\Downloads\sts-4.31.0.RELEASE\plugins\org.eclipse.m2e.maven.runtime_3.9.900.20250220-2013\jars\aopalliance-1.0.jar
2025-07-12 15:36:52,133 [Worker-3: Launching mavenrun-f1f05f2b-c7c1-4832-ab9f-de265961e6fd] INFO  o.eclipse.m2e.core.internal.Bundles - 	Entry: C:\Users\sushm\Downloads\sts-4.31.0.RELEASE\plugins\org.eclipse.m2e.maven.runtime_3.9.900.20250220-2013\jars\guice-5.1.0.jar
2025-07-12 15:36:52,134 [Worker-3: Launching mavenrun-f1f05f2b-c7c1-4832-ab9f-de265961e6fd] INFO  o.eclipse.m2e.core.internal.Bundles - 	Entry: C:\Users\sushm\Downloads\sts-4.31.0.RELEASE\plugins\org.eclipse.m2e.maven.runtime_3.9.900.20250220-2013\jars\httpclient-4.5.14.jar
2025-07-12 15:36:52,134 [Worker-3: Launching mavenrun-f1f05f2b-c7c1-4832-ab9f-de265961e6fd] INFO  o.eclipse.m2e.core.internal.Bundles - 	Entry: C:\Users\sushm\Downloads\sts-4.31.0.RELEASE\plugins\org.eclipse.m2e.maven.runtime_3.9.900.20250220-2013\jars\httpcore-4.4.16.jar
2025-07-12 15:36:52,134 [Worker-3: Launching mavenrun-f1f05f2b-c7c1-4832-ab9f-de265961e6fd] INFO  o.eclipse.m2e.core.internal.Bundles - 	Entry: C:\Users\sushm\Downloads\sts-4.31.0.RELEASE\plugins\org.eclipse.m2e.maven.runtime_3.9.900.20250220-2013\jars\jansi-2.4.1.jar
2025-07-12 15:36:52,135 [Worker-3: Launching mavenrun-f1f05f2b-c7c1-4832-ab9f-de265961e6fd] INFO  o.eclipse.m2e.core.internal.Bundles - 	Entry: C:\Users\sushm\Downloads\sts-4.31.0.RELEASE\plugins\org.eclipse.m2e.maven.runtime_3.9.900.20250220-2013\jars\jcl-over-slf4j-1.7.36.jar
2025-07-12 15:36:52,135 [Worker-3: Launching mavenrun-f1f05f2b-c7c1-4832-ab9f-de265961e6fd] INFO  o.eclipse.m2e.core.internal.Bundles - 	Entry: C:\Users\sushm\Downloads\sts-4.31.0.RELEASE\plugins\org.eclipse.m2e.maven.runtime_3.9.900.20250220-2013\jars\maven-artifact-3.9.9.jar
2025-07-12 15:36:52,135 [Worker-3: Launching mavenrun-f1f05f2b-c7c1-4832-ab9f-de265961e6fd] INFO  o.eclipse.m2e.core.internal.Bundles - 	Entry: C:\Users\sushm\Downloads\sts-4.31.0.RELEASE\plugins\org.eclipse.m2e.maven.runtime_3.9.900.20250220-2013\jars\maven-builder-support-3.9.9.jar
2025-07-12 15:36:52,136 [Worker-3: Launching mavenrun-f1f05f2b-c7c1-4832-ab9f-de265961e6fd] INFO  o.eclipse.m2e.core.internal.Bundles - 	Entry: C:\Users\sushm\Downloads\sts-4.31.0.RELEASE\plugins\org.eclipse.m2e.maven.runtime_3.9.900.20250220-2013\jars\maven-compat-3.9.9.jar
2025-07-12 15:36:52,136 [Worker-3: Launching mavenrun-f1f05f2b-c7c1-4832-ab9f-de265961e6fd] INFO  o.eclipse.m2e.core.internal.Bundles - 	Entry: C:\Users\sushm\Downloads\sts-4.31.0.RELEASE\plugins\org.eclipse.m2e.maven.runtime_3.9.900.20250220-2013\jars\maven-core-3.9.9.jar
2025-07-12 15:36:52,136 [Worker-3: Launching mavenrun-f1f05f2b-c7c1-4832-ab9f-de265961e6fd] INFO  o.eclipse.m2e.core.internal.Bundles - 	Entry: C:\Users\sushm\Downloads\sts-4.31.0.RELEASE\plugins\org.eclipse.m2e.maven.runtime_3.9.900.20250220-2013\jars\maven-embedder-3.9.9.jar
2025-07-12 15:36:52,137 [Worker-3: Launching mavenrun-f1f05f2b-c7c1-4832-ab9f-de265961e6fd] INFO  o.eclipse.m2e.core.internal.Bundles - 	Entry: C:\Users\sushm\Downloads\sts-4.31.0.RELEASE\plugins\org.eclipse.m2e.maven.runtime_3.9.900.20250220-2013\jars\maven-model-3.9.9.jar
2025-07-12 15:36:52,137 [Worker-3: Launching mavenrun-f1f05f2b-c7c1-4832-ab9f-de265961e6fd] INFO  o.eclipse.m2e.core.internal.Bundles - 	Entry: C:\Users\sushm\Downloads\sts-4.31.0.RELEASE\plugins\org.eclipse.m2e.maven.runtime_3.9.900.20250220-2013\jars\maven-model-builder-3.9.9.jar
2025-07-12 15:36:52,137 [Worker-3: Launching mavenrun-f1f05f2b-c7c1-4832-ab9f-de265961e6fd] INFO  o.eclipse.m2e.core.internal.Bundles - 	Entry: C:\Users\sushm\Downloads\sts-4.31.0.RELEASE\plugins\org.eclipse.m2e.maven.runtime_3.9.900.20250220-2013\jars\maven-plugin-api-3.9.9.jar
2025-07-12 15:36:52,138 [Worker-3: Launching mavenrun-f1f05f2b-c7c1-4832-ab9f-de265961e6fd] INFO  o.eclipse.m2e.core.internal.Bundles - 	Entry: C:\Users\sushm\Downloads\sts-4.31.0.RELEASE\plugins\org.eclipse.m2e.maven.runtime_3.9.900.20250220-2013\jars\maven-repository-metadata-3.9.9.jar
2025-07-12 15:36:52,138 [Worker-3: Launching mavenrun-f1f05f2b-c7c1-4832-ab9f-de265961e6fd] INFO  o.eclipse.m2e.core.internal.Bundles - 	Entry: C:\Users\sushm\Downloads\sts-4.31.0.RELEASE\plugins\org.eclipse.m2e.maven.runtime_3.9.900.20250220-2013\jars\maven-resolver-api-1.9.22.jar
2025-07-12 15:36:52,138 [Worker-3: Launching mavenrun-f1f05f2b-c7c1-4832-ab9f-de265961e6fd] INFO  o.eclipse.m2e.core.internal.Bundles - 	Entry: C:\Users\sushm\Downloads\sts-4.31.0.RELEASE\plugins\org.eclipse.m2e.maven.runtime_3.9.900.20250220-2013\jars\maven-resolver-connector-basic-1.9.22.jar
2025-07-12 15:36:52,139 [Worker-3: Launching mavenrun-f1f05f2b-c7c1-4832-ab9f-de265961e6fd] INFO  o.eclipse.m2e.core.internal.Bundles - 	Entry: C:\Users\sushm\Downloads\sts-4.31.0.RELEASE\plugins\org.eclipse.m2e.maven.runtime_3.9.900.20250220-2013\jars\maven-resolver-impl-1.9.22.jar
2025-07-12 15:36:52,139 [Worker-3: Launching mavenrun-f1f05f2b-c7c1-4832-ab9f-de265961e6fd] INFO  o.eclipse.m2e.core.internal.Bundles - 	Entry: C:\Users\sushm\Downloads\sts-4.31.0.RELEASE\plugins\org.eclipse.m2e.maven.runtime_3.9.900.20250220-2013\jars\maven-resolver-named-locks-1.9.22.jar
2025-07-12 15:36:52,139 [Worker-3: Launching mavenrun-f1f05f2b-c7c1-4832-ab9f-de265961e6fd] INFO  o.eclipse.m2e.core.internal.Bundles - 	Entry: C:\Users\sushm\Downloads\sts-4.31.0.RELEASE\plugins\org.eclipse.m2e.maven.runtime_3.9.900.20250220-2013\jars\maven-resolver-provider-3.9.9.jar
2025-07-12 15:36:52,140 [Worker-3: Launching mavenrun-f1f05f2b-c7c1-4832-ab9f-de265961e6fd] INFO  o.eclipse.m2e.core.internal.Bundles - 	Entry: C:\Users\sushm\Downloads\sts-4.31.0.RELEASE\plugins\org.eclipse.m2e.maven.runtime_3.9.900.20250220-2013\jars\maven-resolver-spi-1.9.22.jar
2025-07-12 15:36:52,140 [Worker-3: Launching mavenrun-f1f05f2b-c7c1-4832-ab9f-de265961e6fd] INFO  o.eclipse.m2e.core.internal.Bundles - 	Entry: C:\Users\sushm\Downloads\sts-4.31.0.RELEASE\plugins\org.eclipse.m2e.maven.runtime_3.9.900.20250220-2013\jars\maven-resolver-transport-file-1.9.22.jar
2025-07-12 15:36:52,141 [Worker-3: Launching mavenrun-f1f05f2b-c7c1-4832-ab9f-de265961e6fd] INFO  o.eclipse.m2e.core.internal.Bundles - 	Entry: C:\Users\sushm\Downloads\sts-4.31.0.RELEASE\plugins\org.eclipse.m2e.maven.runtime_3.9.900.20250220-2013\jars\maven-resolver-transport-http-1.9.22.jar
2025-07-12 15:36:52,141 [Worker-3: Launching mavenrun-f1f05f2b-c7c1-4832-ab9f-de265961e6fd] INFO  o.eclipse.m2e.core.internal.Bundles - 	Entry: C:\Users\sushm\Downloads\sts-4.31.0.RELEASE\plugins\org.eclipse.m2e.maven.runtime_3.9.900.20250220-2013\jars\maven-resolver-transport-wagon-1.9.22.jar
2025-07-12 15:36:52,141 [Worker-3: Launching mavenrun-f1f05f2b-c7c1-4832-ab9f-de265961e6fd] INFO  o.eclipse.m2e.core.internal.Bundles - 	Entry: C:\Users\sushm\Downloads\sts-4.31.0.RELEASE\plugins\org.eclipse.m2e.maven.runtime_3.9.900.20250220-2013\jars\maven-resolver-util-1.9.22.jar
2025-07-12 15:36:52,142 [Worker-3: Launching mavenrun-f1f05f2b-c7c1-4832-ab9f-de265961e6fd] INFO  o.eclipse.m2e.core.internal.Bundles - 	Entry: C:\Users\sushm\Downloads\sts-4.31.0.RELEASE\plugins\org.eclipse.m2e.maven.runtime_3.9.900.20250220-2013\jars\maven-settings-3.9.9.jar
2025-07-12 15:36:52,142 [Worker-3: Launching mavenrun-f1f05f2b-c7c1-4832-ab9f-de265961e6fd] INFO  o.eclipse.m2e.core.internal.Bundles - 	Entry: C:\Users\sushm\Downloads\sts-4.31.0.RELEASE\plugins\org.eclipse.m2e.maven.runtime_3.9.900.20250220-2013\jars\maven-settings-builder-3.9.9.jar
2025-07-12 15:36:52,142 [Worker-3: Launching mavenrun-f1f05f2b-c7c1-4832-ab9f-de265961e6fd] INFO  o.eclipse.m2e.core.internal.Bundles - 	Entry: C:\Users\sushm\Downloads\sts-4.31.0.RELEASE\plugins\org.eclipse.m2e.maven.runtime_3.9.900.20250220-2013\jars\maven-shared-utils-3.4.2.jar
2025-07-12 15:36:52,142 [Worker-3: Launching mavenrun-f1f05f2b-c7c1-4832-ab9f-de265961e6fd] INFO  o.eclipse.m2e.core.internal.Bundles - 	Entry: C:\Users\sushm\Downloads\sts-4.31.0.RELEASE\plugins\org.eclipse.m2e.maven.runtime_3.9.900.20250220-2013\jars\org.eclipse.sisu.inject-0.9.0.M3.jar
2025-07-12 15:36:52,143 [Worker-3: Launching mavenrun-f1f05f2b-c7c1-4832-ab9f-de265961e6fd] INFO  o.eclipse.m2e.core.internal.Bundles - 	Entry: C:\Users\sushm\Downloads\sts-4.31.0.RELEASE\plugins\org.eclipse.m2e.maven.runtime_3.9.900.20250220-2013\jars\org.eclipse.sisu.plexus-0.9.0.M3.jar
2025-07-12 15:36:52,143 [Worker-3: Launching mavenrun-f1f05f2b-c7c1-4832-ab9f-de265961e6fd] INFO  o.eclipse.m2e.core.internal.Bundles - 	Entry: C:\Users\sushm\Downloads\sts-4.31.0.RELEASE\plugins\org.eclipse.m2e.maven.runtime_3.9.900.20250220-2013\jars\plexus-build-api-0.0.7.jar
2025-07-12 15:36:52,143 [Worker-3: Launching mavenrun-f1f05f2b-c7c1-4832-ab9f-de265961e6fd] INFO  o.eclipse.m2e.core.internal.Bundles - 	Entry: C:\Users\sushm\Downloads\sts-4.31.0.RELEASE\plugins\org.eclipse.m2e.maven.runtime_3.9.900.20250220-2013\jars\plexus-build-api-1.2.0.jar
2025-07-12 15:36:52,144 [Worker-3: Launching mavenrun-f1f05f2b-c7c1-4832-ab9f-de265961e6fd] INFO  o.eclipse.m2e.core.internal.Bundles - 	Entry: C:\Users\sushm\Downloads\sts-4.31.0.RELEASE\plugins\org.eclipse.m2e.maven.runtime_3.9.900.20250220-2013\jars\plexus-cipher-2.0.jar
2025-07-12 15:36:52,144 [Worker-3: Launching mavenrun-f1f05f2b-c7c1-4832-ab9f-de265961e6fd] INFO  o.eclipse.m2e.core.internal.Bundles - 	Entry: C:\Users\sushm\Downloads\sts-4.31.0.RELEASE\plugins\org.eclipse.m2e.maven.runtime_3.9.900.20250220-2013\jars\plexus-classworlds-2.8.0.jar
2025-07-12 15:36:52,144 [Worker-3: Launching mavenrun-f1f05f2b-c7c1-4832-ab9f-de265961e6fd] INFO  o.eclipse.m2e.core.internal.Bundles - 	Entry: C:\Users\sushm\Downloads\sts-4.31.0.RELEASE\plugins\org.eclipse.m2e.maven.runtime_3.9.900.20250220-2013\jars\plexus-component-annotations-2.1.0.jar
2025-07-12 15:36:52,145 [Worker-3: Launching mavenrun-f1f05f2b-c7c1-4832-ab9f-de265961e6fd] INFO  o.eclipse.m2e.core.internal.Bundles - 	Entry: C:\Users\sushm\Downloads\sts-4.31.0.RELEASE\plugins\org.eclipse.m2e.maven.runtime_3.9.900.20250220-2013\jars\plexus-interpolation-1.27.jar
2025-07-12 15:36:52,145 [Worker-3: Launching mavenrun-f1f05f2b-c7c1-4832-ab9f-de265961e6fd] INFO  o.eclipse.m2e.core.internal.Bundles - 	Entry: C:\Users\sushm\Downloads\sts-4.31.0.RELEASE\plugins\org.eclipse.m2e.maven.runtime_3.9.900.20250220-2013\jars\plexus-sec-dispatcher-2.0.jar
2025-07-12 15:36:52,152 [Worker-3: Launching mavenrun-f1f05f2b-c7c1-4832-ab9f-de265961e6fd] INFO  o.eclipse.m2e.core.internal.Bundles - 	Entry: C:\Users\sushm\Downloads\sts-4.31.0.RELEASE\plugins\org.eclipse.m2e.maven.runtime_3.9.900.20250220-2013\jars\plexus-utils-3.5.1.jar
2025-07-12 15:36:52,152 [Worker-3: Launching mavenrun-f1f05f2b-c7c1-4832-ab9f-de265961e6fd] INFO  o.eclipse.m2e.core.internal.Bundles - 	Entry: C:\Users\sushm\Downloads\sts-4.31.0.RELEASE\plugins\org.eclipse.m2e.maven.runtime_3.9.900.20250220-2013\jars\plexus-xml-3.0.1.jar
2025-07-12 15:36:52,152 [Worker-3: Launching mavenrun-f1f05f2b-c7c1-4832-ab9f-de265961e6fd] INFO  o.eclipse.m2e.core.internal.Bundles - 	Entry: C:\Users\sushm\Downloads\sts-4.31.0.RELEASE\plugins\org.eclipse.m2e.maven.runtime_3.9.900.20250220-2013\jars\wagon-file-3.5.3.jar
2025-07-12 15:36:52,153 [Worker-3: Launching mavenrun-f1f05f2b-c7c1-4832-ab9f-de265961e6fd] INFO  o.eclipse.m2e.core.internal.Bundles - 	Entry: C:\Users\sushm\Downloads\sts-4.31.0.RELEASE\plugins\org.eclipse.m2e.maven.runtime_3.9.900.20250220-2013\jars\wagon-http-3.5.3.jar
2025-07-12 15:36:52,153 [Worker-3: Launching mavenrun-f1f05f2b-c7c1-4832-ab9f-de265961e6fd] INFO  o.eclipse.m2e.core.internal.Bundles - 	Entry: C:\Users\sushm\Downloads\sts-4.31.0.RELEASE\plugins\org.eclipse.m2e.maven.runtime_3.9.900.20250220-2013\jars\wagon-http-shared-3.5.3.jar
2025-07-12 15:36:52,153 [Worker-3: Launching mavenrun-f1f05f2b-c7c1-4832-ab9f-de265961e6fd] INFO  o.eclipse.m2e.core.internal.Bundles - 	Entry: C:\Users\sushm\Downloads\sts-4.31.0.RELEASE\plugins\org.eclipse.m2e.maven.runtime_3.9.900.20250220-2013\jars\wagon-provider-api-3.5.3.jar
2025-07-12 15:36:52,157 [Worker-3: Launching mavenrun-f1f05f2b-c7c1-4832-ab9f-de265961e6fd] INFO  o.eclipse.m2e.core.internal.Bundles - getClasspathEntries(Bundle=com.google.guava_33.4.8.jre [31])
2025-07-12 15:36:52,158 [Worker-3: Launching mavenrun-f1f05f2b-c7c1-4832-ab9f-de265961e6fd] INFO  o.eclipse.m2e.core.internal.Bundles - 	Entry: C:\Users\sushm\Downloads\sts-4.31.0.RELEASE\plugins\com.google.guava_33.4.8.jre.jar
2025-07-12 15:36:52,158 [Worker-3: Launching mavenrun-f1f05f2b-c7c1-4832-ab9f-de265961e6fd] INFO  o.eclipse.m2e.core.internal.Bundles - getClasspathEntries(Bundle=slf4j.api_2.0.17 [613])
2025-07-12 15:36:52,160 [Worker-3: Launching mavenrun-f1f05f2b-c7c1-4832-ab9f-de265961e6fd] INFO  o.eclipse.m2e.core.internal.Bundles - 	Entry: C:\Users\sushm\Downloads\sts-4.31.0.RELEASE\plugins\slf4j.api_2.0.17.jar
2025-07-12 15:36:52,160 [Worker-3: Launching mavenrun-f1f05f2b-c7c1-4832-ab9f-de265961e6fd] INFO  o.eclipse.m2e.core.internal.Bundles - getClasspathEntries(Bundle=jakarta.inject.jakarta.inject-api_1.0.5 [46])
2025-07-12 15:36:52,161 [Worker-3: Launching mavenrun-f1f05f2b-c7c1-4832-ab9f-de265961e6fd] INFO  o.eclipse.m2e.core.internal.Bundles - 	Entry: C:\Users\sushm\Downloads\sts-4.31.0.RELEASE\plugins\jakarta.inject.jakarta.inject-api_1.0.5.jar
2025-07-12 15:36:52,161 [Worker-3: Launching mavenrun-f1f05f2b-c7c1-4832-ab9f-de265961e6fd] INFO  o.eclipse.m2e.core.internal.Bundles - getClasspathEntries(Bundle=javax.annotation_1.3.5.v20200909-1856 [55])
2025-07-12 15:36:52,162 [Worker-3: Launching mavenrun-f1f05f2b-c7c1-4832-ab9f-de265961e6fd] INFO  o.eclipse.m2e.core.internal.Bundles - 	Entry: C:\Users\sushm\Downloads\sts-4.31.0.RELEASE\plugins\javax.annotation_1.3.5.v20200909-1856.jar
2025-07-12 15:36:52,164 [Worker-3: Launching mavenrun-f1f05f2b-c7c1-4832-ab9f-de265961e6fd] INFO  o.eclipse.m2e.core.internal.Bundles - getClasspathEntries(Bundle=org.apache.commons.cli_1.9.0 [79])
2025-07-12 15:36:52,165 [Worker-3: Launching mavenrun-f1f05f2b-c7c1-4832-ab9f-de265961e6fd] INFO  o.eclipse.m2e.core.internal.Bundles - 	Entry: C:\Users\sushm\Downloads\sts-4.31.0.RELEASE\plugins\org.apache.commons.cli_1.9.0.jar
2025-07-12 15:36:52,165 [Worker-3: Launching mavenrun-f1f05f2b-c7c1-4832-ab9f-de265961e6fd] INFO  o.eclipse.m2e.core.internal.Bundles - getClasspathEntries(Bundle=org.apache.commons.commons-codec_1.16.0 [81])
2025-07-12 15:36:52,166 [Worker-3: Launching mavenrun-f1f05f2b-c7c1-4832-ab9f-de265961e6fd] INFO  o.eclipse.m2e.core.internal.Bundles - 	Entry: C:\Users\sushm\Downloads\sts-4.31.0.RELEASE\plugins\org.apache.commons.commons-codec_1.16.0.jar
2025-07-12 15:36:52,167 [Worker-3: Launching mavenrun-f1f05f2b-c7c1-4832-ab9f-de265961e6fd] INFO  o.eclipse.m2e.core.internal.Bundles - getClasspathEntries(Bundle=com.google.guava.failureaccess_1.0.3 [32])
2025-07-12 15:36:52,167 [Worker-3: Launching mavenrun-f1f05f2b-c7c1-4832-ab9f-de265961e6fd] INFO  o.eclipse.m2e.core.internal.Bundles - 	Entry: C:\Users\sushm\Downloads\sts-4.31.0.RELEASE\plugins\com.google.guava.failureaccess_1.0.3.jar
2025-07-12 15:36:52,194 [Worker-3: Launching mavenrun-f1f05f2b-c7c1-4832-ab9f-de265961e6fd] INFO  o.e.m.i.launch.MavenLaunchDelegate - Run build in "C:\Users\sushm\AppData\Local\Temp\m2e-archetypeGenerator4385689962729572015":
2025-07-12 15:36:52,234 [Worker-3: Launching mavenrun-f1f05f2b-c7c1-4832-ab9f-de265961e6fd] INFO  o.e.m.i.launch.MavenLaunchDelegate -  mvn  -DarchetypeGroupId=org.apache.maven.archetypes -DarchetypeArtifactId=maven-archetype-webapp -DarchetypeVersion=1.0 -DgroupId=com.student -DartifactId=Student_management_system -Dversion=0.0.1-SNAPSHOT -Dpackage=com.student.Student_management_system -DoutputDirectory=C:\Users\sushm\OneDrive\Desktop\Spring_Student_Management -Dstyle.color=always -U archetype:generate
2025-07-12 15:40:57,519 [Worker-3: Import Getting Started Content] INFO  o.e.m.c.i.l.LifecycleMappingFactory - Using org.eclipse.m2e.jdt.JarLifecycleMapping lifecycle mapping for MavenProject: com.BGI:Student_management:0.0.1-SNAPSHOT @ C:\Users\sushm\OneDrive\Desktop\Spring_Student_Management\Student_management\pom.xml.
2025-07-12 15:41:07,693 [Worker-3: Import Getting Started Content] INFO  o.e.m.j.i.AbstractJavaProjectConfigurator - Adding source folder /Student_management/src/main/java
2025-07-12 15:41:07,699 [Worker-3: Import Getting Started Content] INFO  o.e.m.j.i.AbstractJavaProjectConfigurator - Adding resource folder /Student_management/src/main/resources
2025-07-12 15:41:07,725 [Worker-3: Import Getting Started Content] INFO  o.e.m.j.i.AbstractJavaProjectConfigurator - Adding resource folder /Student_management/src/main/resources
2025-07-12 15:41:07,750 [Worker-3: Import Getting Started Content] INFO  o.e.m.j.i.AbstractJavaProjectConfigurator - Adding source folder /Student_management/src/test/java
2025-07-12 15:41:07,753 [Worker-3: Import Getting Started Content] INFO  o.e.m.j.i.AbstractJavaProjectConfigurator - Adding resource folder /Student_management/src/test/resources
2025-07-12 15:41:11,029 [Worker-3: Import Getting Started Content] INFO  o.e.m.c.i.p.ProjectConfigurationManager - Imported and configured 1 project(s) in 22 sec
2025-07-12 15:41:11,042 [Worker-3: Import Getting Started Content] INFO  o.e.m.c.i.p.ProjectConfigurationManager - Update started
2025-07-12 15:41:12,121 [Worker-3: Import Getting Started Content] INFO  o.e.m.c.i.l.LifecycleMappingFactory - Using org.eclipse.m2e.jdt.JarLifecycleMapping lifecycle mapping for MavenProject: com.BGI:Student_management:0.0.1-SNAPSHOT @ C:\Users\sushm\OneDrive\Desktop\Spring_Student_Management\Student_management\pom.xml.
2025-07-12 15:41:14,109 [Worker-3: Import Getting Started Content] INFO  o.e.m.j.i.AbstractJavaProjectConfigurator - Adding source folder /Student_management/src/main/java
2025-07-12 15:41:14,112 [Worker-3: Import Getting Started Content] INFO  o.e.m.j.i.AbstractJavaProjectConfigurator - Adding resource folder /Student_management/src/main/resources
2025-07-12 15:41:14,114 [Worker-3: Import Getting Started Content] INFO  o.e.m.j.i.AbstractJavaProjectConfigurator - Adding resource folder /Student_management/src/main/resources
2025-07-12 15:41:14,115 [Worker-3: Import Getting Started Content] INFO  o.e.m.j.i.AbstractJavaProjectConfigurator - Adding source folder /Student_management/src/test/java
2025-07-12 15:41:14,117 [Worker-3: Import Getting Started Content] INFO  o.e.m.j.i.AbstractJavaProjectConfigurator - Adding resource folder /Student_management/src/test/resources
2025-07-12 15:41:15,141 [Worker-3: Import Getting Started Content] INFO  o.e.m.c.i.p.ProjectConfigurationManager - Update completed for 1 poms: local refresh takes 0.00 sec, refresh facades takes 2.00 sec, update config takes 0.00 sec 
2025-07-12 15:41:16,910 [Worker-7: Building] INFO  o.a.m.s.f.DefaultMavenResourcesFiltering - Copying 1 resource from src\main\resources to target\classes
2025-07-12 15:41:16,981 [Worker-7: Building] INFO  o.a.m.s.f.DefaultMavenResourcesFiltering - Copying 0 resource from src\main\resources to target\classes
2025-07-12 15:41:16,994 [Worker-7: Building] INFO  o.a.m.s.f.DefaultMavenResourcesFiltering - skip non existing resourceDirectory C:\Users\sushm\OneDrive\Desktop\Spring_Student_Management\Student_management\src\test\resources
2025-07-12 15:43:23,017 [Worker-4: Building] INFO  o.e.m.c.i.l.LifecycleMappingFactory - Using org.eclipse.m2e.jdt.JarLifecycleMapping lifecycle mapping for MavenProject: com.BGI:Student_management:0.0.1-SNAPSHOT @ C:\Users\sushm\OneDrive\Desktop\Spring_Student_Management\Student_management\pom.xml.
2025-07-12 15:43:25,175 [Worker-4: Building] INFO  o.a.m.s.f.DefaultMavenResourcesFiltering - Copying 0 resource from src\main\resources to target\classes
2025-07-12 15:43:25,178 [Worker-4: Building] INFO  o.a.m.s.f.DefaultMavenResourcesFiltering - Copying 0 resource from src\main\resources to target\classes
2025-07-12 15:43:25,197 [Worker-4: Building] INFO  o.a.m.s.f.DefaultMavenResourcesFiltering - skip non existing resourceDirectory C:\Users\sushm\OneDrive\Desktop\Spring_Student_Management\Student_management\src\test\resources
2025-07-12 15:44:35,437 [Worker-4: Building] INFO  o.a.m.s.f.DefaultMavenResourcesFiltering - Copying 1 resource from src\main\resources to target\classes
2025-07-12 15:44:35,468 [Worker-4: Building] INFO  o.a.m.s.f.DefaultMavenResourcesFiltering - Copying 0 resource from src\main\resources to target\classes
2025-07-12 15:44:35,474 [Worker-4: Building] INFO  o.a.m.s.f.DefaultMavenResourcesFiltering - skip non existing resourceDirectory C:\Users\sushm\OneDrive\Desktop\Spring_Student_Management\Student_management\src\test\resources
2025-07-12 15:46:29,685 [Worker-12: Building] INFO  o.a.m.s.f.DefaultMavenResourcesFiltering - Copying 1 resource from src\main\resources to target\classes
2025-07-12 15:46:29,705 [Worker-12: Building] INFO  o.a.m.s.f.DefaultMavenResourcesFiltering - Copying 0 resource from src\main\resources to target\classes
2025-07-12 15:46:29,712 [Worker-12: Building] INFO  o.a.m.s.f.DefaultMavenResourcesFiltering - skip non existing resourceDirectory C:\Users\sushm\OneDrive\Desktop\Spring_Student_Management\Student_management\src\test\resources
2025-07-12 15:46:58,174 [Worker-17: Building] INFO  o.a.m.s.f.DefaultMavenResourcesFiltering - Copying 1 resource from src\main\resources to target\classes
2025-07-12 15:46:58,188 [Worker-17: Building] INFO  o.a.m.s.f.DefaultMavenResourcesFiltering - Copying 0 resource from src\main\resources to target\classes
2025-07-12 15:46:58,201 [Worker-17: Building] INFO  o.a.m.s.f.DefaultMavenResourcesFiltering - skip non existing resourceDirectory C:\Users\sushm\OneDrive\Desktop\Spring_Student_Management\Student_management\src\test\resources
2025-07-12 15:47:50,697 [Worker-16: Building] INFO  o.a.m.s.f.DefaultMavenResourcesFiltering - Copying 1 resource from src\main\resources to target\classes
2025-07-12 15:47:50,703 [Worker-16: Building] INFO  o.a.m.s.f.DefaultMavenResourcesFiltering - Copying 0 resource from src\main\resources to target\classes
2025-07-12 15:47:50,714 [Worker-16: Building] INFO  o.a.m.s.f.DefaultMavenResourcesFiltering - skip non existing resourceDirectory C:\Users\sushm\OneDrive\Desktop\Spring_Student_Management\Student_management\src\test\resources
2025-07-12 15:48:06,692 [Worker-3: Building] INFO  o.a.m.s.f.DefaultMavenResourcesFiltering - Copying 1 resource from src\main\resources to target\classes
2025-07-12 15:48:06,703 [Worker-3: Building] INFO  o.a.m.s.f.DefaultMavenResourcesFiltering - Copying 0 resource from src\main\resources to target\classes
2025-07-12 15:48:06,717 [Worker-3: Building] INFO  o.a.m.s.f.DefaultMavenResourcesFiltering - skip non existing resourceDirectory C:\Users\sushm\OneDrive\Desktop\Spring_Student_Management\Student_management\src\test\resources
2025-07-12 15:52:38,107 [Worker-12: Building] INFO  o.a.m.s.f.DefaultMavenResourcesFiltering - Copying 1 resource from src\main\resources to target\classes
2025-07-12 15:52:38,140 [Worker-12: Building] INFO  o.a.m.s.f.DefaultMavenResourcesFiltering - Copying 0 resource from src\main\resources to target\classes
2025-07-12 15:52:38,148 [Worker-12: Building] INFO  o.a.m.s.f.DefaultMavenResourcesFiltering - skip non existing resourceDirectory C:\Users\sushm\OneDrive\Desktop\Spring_Student_Management\Student_management\src\test\resources
2025-07-12 15:55:46,696 [Worker-3: Building] INFO  o.a.m.s.f.DefaultMavenResourcesFiltering - Copying 1 resource from src\main\resources to target\classes
2025-07-12 15:55:46,735 [Worker-3: Building] INFO  o.a.m.s.f.DefaultMavenResourcesFiltering - Copying 0 resource from src\main\resources to target\classes
2025-07-12 15:55:46,759 [Worker-3: Building] INFO  o.a.m.s.f.DefaultMavenResourcesFiltering - skip non existing resourceDirectory C:\Users\sushm\OneDrive\Desktop\Spring_Student_Management\Student_management\src\test\resources
2025-07-12 18:08:23,674 [Worker-21: Building] INFO  o.a.m.s.f.DefaultMavenResourcesFiltering - Copying 1 resource from src\main\resources to target\classes
2025-07-12 18:08:23,743 [Worker-21: Building] INFO  o.a.m.s.f.DefaultMavenResourcesFiltering - Copying 0 resource from src\main\resources to target\classes
2025-07-12 18:08:23,762 [Worker-21: Building] INFO  o.a.m.s.f.DefaultMavenResourcesFiltering - skip non existing resourceDirectory C:\Users\sushm\OneDrive\Desktop\Spring_Student_Management\Student_management\src\test\resources
2025-07-12 18:18:38,357 [Worker-16: Building] INFO  o.a.m.s.f.DefaultMavenResourcesFiltering - Copying 1 resource from src\main\resources to target\classes
2025-07-12 18:18:38,466 [Worker-16: Building] INFO  o.a.m.s.f.DefaultMavenResourcesFiltering - Copying 0 resource from src\main\resources to target\classes
2025-07-12 18:18:38,481 [Worker-16: Building] INFO  o.a.m.s.f.DefaultMavenResourcesFiltering - skip non existing resourceDirectory C:\Users\sushm\OneDrive\Desktop\Spring_Student_Management\Student_management\src\test\resources
2025-07-12 18:38:48,160 [Worker-26: Launching Student_management - StudentManagementApplication] INFO  o.a.m.s.f.DefaultMavenResourcesFiltering - Copying 1 resource from src\main\resources to target\classes
2025-07-12 18:38:48,291 [Worker-26: Launching Student_management - StudentManagementApplication] INFO  o.a.m.s.f.DefaultMavenResourcesFiltering - Copying 0 resource from src\main\resources to target\classes
2025-07-12 18:38:48,313 [Worker-26: Launching Student_management - StudentManagementApplication] INFO  o.a.m.s.f.DefaultMavenResourcesFiltering - skip non existing resourceDirectory C:\Users\sushm\OneDrive\Desktop\Spring_Student_Management\Student_management\src\test\resources
2025-07-12 18:41:22,648 [Worker-26: Building] INFO  o.a.m.s.f.DefaultMavenResourcesFiltering - Copying 1 resource from src\main\resources to target\classes
2025-07-12 18:41:22,668 [Worker-26: Building] INFO  o.a.m.s.f.DefaultMavenResourcesFiltering - Copying 0 resource from src\main\resources to target\classes
2025-07-12 18:41:22,679 [Worker-26: Building] INFO  o.a.m.s.f.DefaultMavenResourcesFiltering - skip non existing resourceDirectory C:\Users\sushm\OneDrive\Desktop\Spring_Student_Management\Student_management\src\test\resources
2025-07-12 18:50:23,006 [Worker-29: Building] INFO  o.a.m.s.f.DefaultMavenResourcesFiltering - Copying 1 resource from src\main\resources to target\classes
2025-07-12 18:50:23,135 [Worker-29: Building] INFO  o.a.m.s.f.DefaultMavenResourcesFiltering - Copying 0 resource from src\main\resources to target\classes
2025-07-12 18:50:23,143 [Worker-29: Building] INFO  o.a.m.s.f.DefaultMavenResourcesFiltering - skip non existing resourceDirectory C:\Users\sushm\OneDrive\Desktop\Spring_Student_Management\Student_management\src\test\resources
2025-07-12 18:56:07,049 [Worker-30: Building] INFO  o.a.m.s.f.DefaultMavenResourcesFiltering - Copying 1 resource from src\main\resources to target\classes
2025-07-12 18:56:07,084 [Worker-30: Building] INFO  o.a.m.s.f.DefaultMavenResourcesFiltering - Copying 0 resource from src\main\resources to target\classes
2025-07-12 18:56:07,092 [Worker-30: Building] INFO  o.a.m.s.f.DefaultMavenResourcesFiltering - skip non existing resourceDirectory C:\Users\sushm\OneDrive\Desktop\Spring_Student_Management\Student_management\src\test\resources
2025-07-12 18:56:09,726 [Worker-25: Building] INFO  o.a.m.s.f.DefaultMavenResourcesFiltering - Copying 1 resource from src\main\resources to target\classes
2025-07-12 18:56:09,744 [Worker-25: Building] INFO  o.a.m.s.f.DefaultMavenResourcesFiltering - Copying 0 resource from src\main\resources to target\classes
2025-07-12 18:56:09,755 [Worker-25: Building] INFO  o.a.m.s.f.DefaultMavenResourcesFiltering - skip non existing resourceDirectory C:\Users\sushm\OneDrive\Desktop\Spring_Student_Management\Student_management\src\test\resources
2025-07-12 18:57:00,335 [Worker-28: Launching Student_management - StudentManagementApplication] INFO  o.a.m.s.f.DefaultMavenResourcesFiltering - Copying 1 resource from src\main\resources to target\classes
2025-07-12 18:57:00,403 [Worker-28: Launching Student_management - StudentManagementApplication] INFO  o.a.m.s.f.DefaultMavenResourcesFiltering - Copying 0 resource from src\main\resources to target\classes
2025-07-12 18:57:00,418 [Worker-28: Launching Student_management - StudentManagementApplication] INFO  o.a.m.s.f.DefaultMavenResourcesFiltering - skip non existing resourceDirectory C:\Users\sushm\OneDrive\Desktop\Spring_Student_Management\Student_management\src\test\resources
2025-07-12 20:24:33,898 [Worker-26: Building] INFO  o.a.m.s.f.DefaultMavenResourcesFiltering - Copying 1 resource from src\main\resources to target\classes
2025-07-12 20:24:33,927 [Worker-26: Building] INFO  o.a.m.s.f.DefaultMavenResourcesFiltering - Copying 0 resource from src\main\resources to target\classes
2025-07-12 20:24:33,940 [Worker-26: Building] INFO  o.a.m.s.f.DefaultMavenResourcesFiltering - skip non existing resourceDirectory C:\Users\sushm\OneDrive\Desktop\Spring_Student_Management\Student_management\src\test\resources
2025-07-12 20:24:58,116 [Worker-27: Building] INFO  o.a.m.s.f.DefaultMavenResourcesFiltering - Copying 1 resource from src\main\resources to target\classes
2025-07-12 20:24:58,187 [Worker-27: Building] INFO  o.a.m.s.f.DefaultMavenResourcesFiltering - Copying 0 resource from src\main\resources to target\classes
2025-07-12 20:24:58,193 [Worker-27: Building] INFO  o.a.m.s.f.DefaultMavenResourcesFiltering - skip non existing resourceDirectory C:\Users\sushm\OneDrive\Desktop\Spring_Student_Management\Student_management\src\test\resources
2025-07-12 20:25:02,009 [Worker-33: Building] INFO  o.a.m.s.f.DefaultMavenResourcesFiltering - Copying 1 resource from src\main\resources to target\classes
2025-07-12 20:25:02,038 [Worker-33: Building] INFO  o.a.m.s.f.DefaultMavenResourcesFiltering - Copying 0 resource from src\main\resources to target\classes
2025-07-12 20:25:02,047 [Worker-33: Building] INFO  o.a.m.s.f.DefaultMavenResourcesFiltering - skip non existing resourceDirectory C:\Users\sushm\OneDrive\Desktop\Spring_Student_Management\Student_management\src\test\resources
2025-07-12 21:40:55,362 [Worker-26: Building] INFO  o.a.m.s.f.DefaultMavenResourcesFiltering - Copying 1 resource from src\main\resources to target\classes
2025-07-12 21:40:55,611 [Worker-26: Building] INFO  o.a.m.s.f.DefaultMavenResourcesFiltering - Copying 0 resource from src\main\resources to target\classes
2025-07-12 21:40:55,635 [Worker-26: Building] INFO  o.a.m.s.f.DefaultMavenResourcesFiltering - skip non existing resourceDirectory C:\Users\sushm\OneDrive\Desktop\Spring_Student_Management\Student_management\src\test\resources
2025-07-12 22:39:12,419 [Worker-30: Building] INFO  o.a.m.s.f.DefaultMavenResourcesFiltering - Copying 1 resource from src\main\resources to target\classes
2025-07-12 22:39:12,544 [Worker-30: Building] INFO  o.a.m.s.f.DefaultMavenResourcesFiltering - Copying 0 resource from src\main\resources to target\classes
2025-07-12 22:39:12,556 [Worker-30: Building] INFO  o.a.m.s.f.DefaultMavenResourcesFiltering - skip non existing resourceDirectory C:\Users\sushm\OneDrive\Desktop\Spring_Student_Management\Student_management\src\test\resources
2025-07-28 18:19:41,815 [Worker-4: Loading available Gradle versions] INFO  o.e.b.c.i.u.g.PublishedGradleVersions - Gradle version information cache is out-of-date. Trying to update.
2025-07-28 18:22:23,002 [Worker-8: Launching Student_management - StudentManagementApplication] INFO  o.a.m.s.f.DefaultMavenResourcesFiltering - Copying 1 resource from src\main\resources to target\classes
2025-07-28 18:22:23,064 [Worker-8: Launching Student_management - StudentManagementApplication] INFO  o.a.m.s.f.DefaultMavenResourcesFiltering - Copying 0 resource from src\main\resources to target\classes
2025-07-28 18:22:23,077 [Worker-8: Launching Student_management - StudentManagementApplication] INFO  o.a.m.s.f.DefaultMavenResourcesFiltering - skip non existing resourceDirectory C:\Users\sushm\OneDrive\Desktop\Spring_Student_Management\Student_management\src\test\resources
2025-07-28 18:22:35,881 [Worker-14: Building] INFO  o.e.m.c.i.l.LifecycleMappingFactory - Using org.eclipse.m2e.jdt.JarLifecycleMapping lifecycle mapping for MavenProject: com.BGI:Student_management:0.0.1-SNAPSHOT @ C:\Users\sushm\OneDrive\Desktop\Spring_Student_Management\Student_management\pom.xml.
2025-07-28 18:22:38,001 [Worker-14: Building] INFO  o.a.m.s.f.DefaultMavenResourcesFiltering - Copying 1 resource from src\main\resources to target\classes
2025-07-28 18:22:38,037 [Worker-14: Building] INFO  o.a.m.s.f.DefaultMavenResourcesFiltering - Copying 0 resource from src\main\resources to target\classes
2025-07-28 18:22:38,050 [Worker-14: Building] INFO  o.a.m.s.f.DefaultMavenResourcesFiltering - skip non existing resourceDirectory C:\Users\sushm\OneDrive\Desktop\Spring_Student_Management\Student_management\src\test\resources
2025-07-30 12:54:27,297 [Worker-4: Loading available Gradle versions] INFO  o.e.b.c.i.u.g.PublishedGradleVersions - Gradle version information cache is out-of-date. Trying to update.
2025-07-30 12:54:45,273 [Worker-4: Loading available Gradle versions] INFO  o.e.b.c.i.u.g.PublishedGradleVersions - Updating Gradle version information cache failed. Using outdated cache.
2025-07-30 12:57:54,083 [Worker-11: Launching Student_management - StudentManagementApplication] INFO  o.a.m.s.f.DefaultMavenResourcesFiltering - Copying 1 resource from src\main\resources to target\classes
2025-07-30 12:57:54,486 [Worker-11: Launching Student_management - StudentManagementApplication] INFO  o.a.m.s.f.DefaultMavenResourcesFiltering - Copying 0 resource from src\main\resources to target\classes
2025-07-30 12:57:54,564 [Worker-11: Launching Student_management - StudentManagementApplication] INFO  o.a.m.s.f.DefaultMavenResourcesFiltering - skip non existing resourceDirectory C:\Users\sushm\OneDrive\Desktop\Spring_Student_Management\Student_management\src\test\resources
2025-07-30 18:14:18,920 [Worker-6: Loading available Gradle versions] INFO  o.e.b.c.i.u.g.PublishedGradleVersions - Gradle version information cache is out-of-date. Trying to update.
2025-07-31 11:15:11,961 [Worker-5: Loading available Gradle versions] INFO  o.e.b.c.i.u.g.PublishedGradleVersions - Gradle version information cache is up-to-date. Trying to read.
2025-08-11 21:53:38,848 [Worker-2: Loading available Gradle versions] INFO  o.e.b.c.i.u.g.PublishedGradleVersions - Gradle version information cache is out-of-date. Trying to update.
